<!DOCTYPE html>
<html lang="en">
  <head>
    <meta charset="utf-8">
    <title>Contact</title>
    <script src="https://cdn.jsdelivr.net/npm/htmx.org@2.0.10/dist/htmx.min.js"
      integrity="sha384-H5SrcfygHmAuTDZphMHqBJLc3FhssKjG7w/CeCpFReSfwBWDTKpkzPP8c+cLsK+V"
      crossorigin="anonymous"></script>
    <link
      rel="stylesheet"
      href="https://cdn.jsdelivr.net/npm/bulma@1.0.4/css/bulma.min.css"
    >
  </head>
  <body>
    <main class="container">
      

  <h1>Success!</h1>
  <p>[test message]</p>
  <p>Thank you! We will follow up with you soon.</p>


    </main>
  </body>
</html>
