<!DOCTYPE html>
<html lang="en" data-theme="dark">
  <head>
    <meta charset="utf-8">
    <title>Contact</title>
    <script src="https://cdn.jsdelivr.net/npm/htmx.org@4.0.0-beta6" integrity="sha384-6lyVbhrs13b9z7mLOpt/N6R76rtkEBWgCjAXRs/DSWyi2AMnQSs10ijWk+PI8n7W" crossorigin="anonymous"></script>
    <link
      rel="stylesheet"
      href="https://cdn.jsdelivr.net/npm/bulma@1.0.4/css/bulma.min.css"
    >
  </head>
  <body>
    <style>
      .htmx-indicator {
          opacity: 0;
          visibility: hidden;
          max-height: 1.5rem;
          max-width: 1.5rem;
          margin: 0.4rem 1rem 0 1rem;
      }
      .htmx-request .htmx-indicator,
      .htmx-request.htmx-indicator {
          opacity: 1;
          visibility: visible;
          transition: opacity 500ms ease-in;
      }

      form div.field p.help.is-danger {
        padding-left: 0.6rem;
        padding-top: 0.4rem;
        padding-bottom: 0.3rem;
        font-size: 100%;
      }

      div#messageFieldError>p.help.is-danger {
        padding-top: 0.4rem;
        padding-bottom: 0.3rem;
        font-size: 100%;
      }
    </style>
    <main class="container" style="max-width: 30em; margin-top: 6rem;">
      <section class="article">
        <h1 class="title">Contact</h1>
        
  
    <h1>Success!</h1>
    <p>Thank you! We will follow up with you soon.</p>
  

      </section>
    </main>
  </body>
</html>
